#-----------------------------------------------------------
# Vivado v2025.1 (64-bit)
# SW Build 6140274 on Thu May 22 00:12:29 MDT 2025
# IP Build 6138677 on Thu May 22 03:10:11 MDT 2025
# SharedData Build 6139179 on Tue May 20 17:58:58 MDT 2025
# Start of session at: Fri Dec  5 14:57:12 2025
# Process ID         : 11032
# Current directory  : C:/Users/Aluno/Documents/project_12/project_12.runs/synth_1
# Command line       : vivado.exe -log topo.vds -product Vivado -mode batch -messageDb vivado.pb -notrace -source topo.tcl
# Log file           : C:/Users/Aluno/Documents/project_12/project_12.runs/synth_1/topo.vds
# Journal file       : C:/Users/Aluno/Documents/project_12/project_12.runs/synth_1\vivado.jou
# Running On         : DESKTOP-HTMCFGA
# Platform           : Windows Server 2016 or Windows 10
# Operating System   : 22631
# Processor Detail   : AMD Ryzen 5 5600GT with Radeon Graphics        
# CPU Frequency      : 3593 MHz
# CPU Physical cores : 6
# CPU Logical cores  : 12
# Host memory        : 33601 MB
# Swap memory        : 5100 MB
# Total Virtual      : 38702 MB
# Available Virtual  : 30664 MB
#-----------------------------------------------------------
source topo.tcl -notrace
